Archive member included to satisfy reference by file (symbol)

/home/roquealex/MentorGraphics/Sourcery_CodeBench_Lite_for_ARM_EABI/bin/../lib/gcc/arm-none-eabi/4.8.3/../../../../arm-none-eabi/lib/libc.a(lib_a-impure.o)
                              hello-world.o (_impure_ptr)
/home/roquealex/MentorGraphics/Sourcery_CodeBench_Lite_for_ARM_EABI/bin/../lib/gcc/arm-none-eabi/4.8.3/../../../../arm-none-eabi/lib/libc.a(lib_a-puts.o)
                              hello-world.o (puts)
/home/roquealex/MentorGraphics/Sourcery_CodeBench_Lite_for_ARM_EABI/bin/../lib/gcc/arm-none-eabi/4.8.3/../../../../arm-none-eabi/lib/libc.a(lib_a-rget.o)
                              hello-world.o (__srget_r)
/home/roquealex/MentorGraphics/Sourcery_CodeBench_Lite_for_ARM_EABI/bin/../lib/gcc/arm-none-eabi/4.8.3/../../../../arm-none-eabi/lib/libc.a(lib_a-strlen.o)
                              /home/roquealex/MentorGraphics/Sourcery_CodeBench_Lite_for_ARM_EABI/bin/../lib/gcc/arm-none-eabi/4.8.3/../../../../arm-none-eabi/lib/libc.a(lib_a-puts.o) (strlen)
/home/roquealex/MentorGraphics/Sourcery_CodeBench_Lite_for_ARM_EABI/bin/../lib/gcc/arm-none-eabi/4.8.3/../../../../arm-none-eabi/lib/libc.a(lib_a-findfp.o)
                              /home/roquealex/MentorGraphics/Sourcery_CodeBench_Lite_for_ARM_EABI/bin/../lib/gcc/arm-none-eabi/4.8.3/../../../../arm-none-eabi/lib/libc.a(lib_a-rget.o) (__sinit)
/home/roquealex/MentorGraphics/Sourcery_CodeBench_Lite_for_ARM_EABI/bin/../lib/gcc/arm-none-eabi/4.8.3/../../../../arm-none-eabi/lib/libc.a(lib_a-fvwrite.o)
                              /home/roquealex/MentorGraphics/Sourcery_CodeBench_Lite_for_ARM_EABI/bin/../lib/gcc/arm-none-eabi/4.8.3/../../../../arm-none-eabi/lib/libc.a(lib_a-puts.o) (__sfvwrite_r)
/home/roquealex/MentorGraphics/Sourcery_CodeBench_Lite_for_ARM_EABI/bin/../lib/gcc/arm-none-eabi/4.8.3/../../../../arm-none-eabi/lib/libc.a(lib_a-fwalk.o)
                              /home/roquealex/MentorGraphics/Sourcery_CodeBench_Lite_for_ARM_EABI/bin/../lib/gcc/arm-none-eabi/4.8.3/../../../../arm-none-eabi/lib/libc.a(lib_a-findfp.o) (_fwalk)
/home/roquealex/MentorGraphics/Sourcery_CodeBench_Lite_for_ARM_EABI/bin/../lib/gcc/arm-none-eabi/4.8.3/../../../../arm-none-eabi/lib/libc.a(lib_a-mallocr.o)
                              /home/roquealex/MentorGraphics/Sourcery_CodeBench_Lite_for_ARM_EABI/bin/../lib/gcc/arm-none-eabi/4.8.3/../../../../arm-none-eabi/lib/libc.a(lib_a-findfp.o) (_malloc_r)
/home/roquealex/MentorGraphics/Sourcery_CodeBench_Lite_for_ARM_EABI/bin/../lib/gcc/arm-none-eabi/4.8.3/../../../../arm-none-eabi/lib/libc.a(lib_a-memchr-stub.o)
                              /home/roquealex/MentorGraphics/Sourcery_CodeBench_Lite_for_ARM_EABI/bin/../lib/gcc/arm-none-eabi/4.8.3/../../../../arm-none-eabi/lib/libc.a(lib_a-fvwrite.o) (memchr)
/home/roquealex/MentorGraphics/Sourcery_CodeBench_Lite_for_ARM_EABI/bin/../lib/gcc/arm-none-eabi/4.8.3/../../../../arm-none-eabi/lib/libc.a(lib_a-memcpy-stub.o)
                              /home/roquealex/MentorGraphics/Sourcery_CodeBench_Lite_for_ARM_EABI/bin/../lib/gcc/arm-none-eabi/4.8.3/../../../../arm-none-eabi/lib/libc.a(lib_a-fvwrite.o) (memcpy)
/home/roquealex/MentorGraphics/Sourcery_CodeBench_Lite_for_ARM_EABI/bin/../lib/gcc/arm-none-eabi/4.8.3/../../../../arm-none-eabi/lib/libc.a(lib_a-memmove.o)
                              /home/roquealex/MentorGraphics/Sourcery_CodeBench_Lite_for_ARM_EABI/bin/../lib/gcc/arm-none-eabi/4.8.3/../../../../arm-none-eabi/lib/libc.a(lib_a-fvwrite.o) (memmove)
/home/roquealex/MentorGraphics/Sourcery_CodeBench_Lite_for_ARM_EABI/bin/../lib/gcc/arm-none-eabi/4.8.3/../../../../arm-none-eabi/lib/libc.a(lib_a-memset.o)
                              /home/roquealex/MentorGraphics/Sourcery_CodeBench_Lite_for_ARM_EABI/bin/../lib/gcc/arm-none-eabi/4.8.3/../../../../arm-none-eabi/lib/libc.a(lib_a-findfp.o) (memset)
/home/roquealex/MentorGraphics/Sourcery_CodeBench_Lite_for_ARM_EABI/bin/../lib/gcc/arm-none-eabi/4.8.3/../../../../arm-none-eabi/lib/libc.a(lib_a-mlock.o)
                              /home/roquealex/MentorGraphics/Sourcery_CodeBench_Lite_for_ARM_EABI/bin/../lib/gcc/arm-none-eabi/4.8.3/../../../../arm-none-eabi/lib/libc.a(lib_a-mallocr.o) (__malloc_lock)
/home/roquealex/MentorGraphics/Sourcery_CodeBench_Lite_for_ARM_EABI/bin/../lib/gcc/arm-none-eabi/4.8.3/../../../../arm-none-eabi/lib/libc.a(lib_a-reallocr.o)
                              /home/roquealex/MentorGraphics/Sourcery_CodeBench_Lite_for_ARM_EABI/bin/../lib/gcc/arm-none-eabi/4.8.3/../../../../arm-none-eabi/lib/libc.a(lib_a-fvwrite.o) (_realloc_r)
/home/roquealex/MentorGraphics/Sourcery_CodeBench_Lite_for_ARM_EABI/bin/../lib/gcc/arm-none-eabi/4.8.3/../../../../arm-none-eabi/lib/libc.a(lib_a-refill.o)
                              /home/roquealex/MentorGraphics/Sourcery_CodeBench_Lite_for_ARM_EABI/bin/../lib/gcc/arm-none-eabi/4.8.3/../../../../arm-none-eabi/lib/libc.a(lib_a-rget.o) (__srefill_r)
/home/roquealex/MentorGraphics/Sourcery_CodeBench_Lite_for_ARM_EABI/bin/../lib/gcc/arm-none-eabi/4.8.3/../../../../arm-none-eabi/lib/libc.a(lib_a-sbrkr.o)
                              /home/roquealex/MentorGraphics/Sourcery_CodeBench_Lite_for_ARM_EABI/bin/../lib/gcc/arm-none-eabi/4.8.3/../../../../arm-none-eabi/lib/libc.a(lib_a-mallocr.o) (_sbrk_r)
/home/roquealex/MentorGraphics/Sourcery_CodeBench_Lite_for_ARM_EABI/bin/../lib/gcc/arm-none-eabi/4.8.3/../../../../arm-none-eabi/lib/libc.a(lib_a-stdio.o)
                              /home/roquealex/MentorGraphics/Sourcery_CodeBench_Lite_for_ARM_EABI/bin/../lib/gcc/arm-none-eabi/4.8.3/../../../../arm-none-eabi/lib/libc.a(lib_a-findfp.o) (__sread)
/home/roquealex/MentorGraphics/Sourcery_CodeBench_Lite_for_ARM_EABI/bin/../lib/gcc/arm-none-eabi/4.8.3/../../../../arm-none-eabi/lib/libc.a(lib_a-writer.o)
                              /home/roquealex/MentorGraphics/Sourcery_CodeBench_Lite_for_ARM_EABI/bin/../lib/gcc/arm-none-eabi/4.8.3/../../../../arm-none-eabi/lib/libc.a(lib_a-stdio.o) (_write_r)
/home/roquealex/MentorGraphics/Sourcery_CodeBench_Lite_for_ARM_EABI/bin/../lib/gcc/arm-none-eabi/4.8.3/../../../../arm-none-eabi/lib/libc.a(lib_a-wsetup.o)
                              /home/roquealex/MentorGraphics/Sourcery_CodeBench_Lite_for_ARM_EABI/bin/../lib/gcc/arm-none-eabi/4.8.3/../../../../arm-none-eabi/lib/libc.a(lib_a-fvwrite.o) (__swsetup_r)
/home/roquealex/MentorGraphics/Sourcery_CodeBench_Lite_for_ARM_EABI/bin/../lib/gcc/arm-none-eabi/4.8.3/../../../../arm-none-eabi/lib/libc.a(lib_a-closer.o)
                              /home/roquealex/MentorGraphics/Sourcery_CodeBench_Lite_for_ARM_EABI/bin/../lib/gcc/arm-none-eabi/4.8.3/../../../../arm-none-eabi/lib/libc.a(lib_a-stdio.o) (_close_r)
/home/roquealex/MentorGraphics/Sourcery_CodeBench_Lite_for_ARM_EABI/bin/../lib/gcc/arm-none-eabi/4.8.3/../../../../arm-none-eabi/lib/libc.a(lib_a-fclose.o)
                              /home/roquealex/MentorGraphics/Sourcery_CodeBench_Lite_for_ARM_EABI/bin/../lib/gcc/arm-none-eabi/4.8.3/../../../../arm-none-eabi/lib/libc.a(lib_a-findfp.o) (fclose)
/home/roquealex/MentorGraphics/Sourcery_CodeBench_Lite_for_ARM_EABI/bin/../lib/gcc/arm-none-eabi/4.8.3/../../../../arm-none-eabi/lib/libc.a(lib_a-fflush.o)
                              /home/roquealex/MentorGraphics/Sourcery_CodeBench_Lite_for_ARM_EABI/bin/../lib/gcc/arm-none-eabi/4.8.3/../../../../arm-none-eabi/lib/libc.a(lib_a-refill.o) (__sflush_r)
/home/roquealex/MentorGraphics/Sourcery_CodeBench_Lite_for_ARM_EABI/bin/../lib/gcc/arm-none-eabi/4.8.3/../../../../arm-none-eabi/lib/libc.a(lib_a-freer.o)
                              /home/roquealex/MentorGraphics/Sourcery_CodeBench_Lite_for_ARM_EABI/bin/../lib/gcc/arm-none-eabi/4.8.3/../../../../arm-none-eabi/lib/libc.a(lib_a-fvwrite.o) (_free_r)
/home/roquealex/MentorGraphics/Sourcery_CodeBench_Lite_for_ARM_EABI/bin/../lib/gcc/arm-none-eabi/4.8.3/../../../../arm-none-eabi/lib/libc.a(lib_a-lseekr.o)
                              /home/roquealex/MentorGraphics/Sourcery_CodeBench_Lite_for_ARM_EABI/bin/../lib/gcc/arm-none-eabi/4.8.3/../../../../arm-none-eabi/lib/libc.a(lib_a-stdio.o) (_lseek_r)
/home/roquealex/MentorGraphics/Sourcery_CodeBench_Lite_for_ARM_EABI/bin/../lib/gcc/arm-none-eabi/4.8.3/../../../../arm-none-eabi/lib/libc.a(lib_a-makebuf.o)
                              /home/roquealex/MentorGraphics/Sourcery_CodeBench_Lite_for_ARM_EABI/bin/../lib/gcc/arm-none-eabi/4.8.3/../../../../arm-none-eabi/lib/libc.a(lib_a-refill.o) (__smakebuf_r)
/home/roquealex/MentorGraphics/Sourcery_CodeBench_Lite_for_ARM_EABI/bin/../lib/gcc/arm-none-eabi/4.8.3/../../../../arm-none-eabi/lib/libc.a(lib_a-readr.o)
                              /home/roquealex/MentorGraphics/Sourcery_CodeBench_Lite_for_ARM_EABI/bin/../lib/gcc/arm-none-eabi/4.8.3/../../../../arm-none-eabi/lib/libc.a(lib_a-stdio.o) (_read_r)
/home/roquealex/MentorGraphics/Sourcery_CodeBench_Lite_for_ARM_EABI/bin/../lib/gcc/arm-none-eabi/4.8.3/../../../../arm-none-eabi/lib/libc.a(lib_a-reent.o)
                              /home/roquealex/MentorGraphics/Sourcery_CodeBench_Lite_for_ARM_EABI/bin/../lib/gcc/arm-none-eabi/4.8.3/../../../../arm-none-eabi/lib/libc.a(lib_a-sbrkr.o) (errno)
/home/roquealex/MentorGraphics/Sourcery_CodeBench_Lite_for_ARM_EABI/bin/../lib/gcc/arm-none-eabi/4.8.3/../../../../arm-none-eabi/lib/libc.a(lib_a-fstatr.o)
                              /home/roquealex/MentorGraphics/Sourcery_CodeBench_Lite_for_ARM_EABI/bin/../lib/gcc/arm-none-eabi/4.8.3/../../../../arm-none-eabi/lib/libc.a(lib_a-makebuf.o) (_fstat_r)
/home/roquealex/MentorGraphics/Sourcery_CodeBench_Lite_for_ARM_EABI/bin/../lib/gcc/arm-none-eabi/4.8.3/../../../../arm-none-eabi/lib/libc.a(lib_a-isattyr.o)
                              /home/roquealex/MentorGraphics/Sourcery_CodeBench_Lite_for_ARM_EABI/bin/../lib/gcc/arm-none-eabi/4.8.3/../../../../arm-none-eabi/lib/libc.a(lib_a-makebuf.o) (_isatty_r)

Allocating common symbols
Common symbol       size              file

errno               0x4               /home/roquealex/MentorGraphics/Sourcery_CodeBench_Lite_for_ARM_EABI/bin/../lib/gcc/arm-none-eabi/4.8.3/../../../../arm-none-eabi/lib/libc.a(lib_a-reent.o)
str_buffer          0xc               hello-world.o

Discarded input sections

 .debug_frame   0x00000000       0x40 /home/roquealex/MentorGraphics/Sourcery_CodeBench_Lite_for_ARM_EABI/bin/../lib/gcc/arm-none-eabi/4.8.3/../../../../arm-none-eabi/lib/libc.a(lib_a-puts.o)
 .debug_frame   0x00000000       0x3c /home/roquealex/MentorGraphics/Sourcery_CodeBench_Lite_for_ARM_EABI/bin/../lib/gcc/arm-none-eabi/4.8.3/../../../../arm-none-eabi/lib/libc.a(lib_a-rget.o)
 .debug_frame   0x00000000       0x20 /home/roquealex/MentorGraphics/Sourcery_CodeBench_Lite_for_ARM_EABI/bin/../lib/gcc/arm-none-eabi/4.8.3/../../../../arm-none-eabi/lib/libc.a(lib_a-strlen.o)
 .debug_frame   0x00000000      0x130 /home/roquealex/MentorGraphics/Sourcery_CodeBench_Lite_for_ARM_EABI/bin/../lib/gcc/arm-none-eabi/4.8.3/../../../../arm-none-eabi/lib/libc.a(lib_a-findfp.o)
 .debug_frame   0x00000000       0x38 /home/roquealex/MentorGraphics/Sourcery_CodeBench_Lite_for_ARM_EABI/bin/../lib/gcc/arm-none-eabi/4.8.3/../../../../arm-none-eabi/lib/libc.a(lib_a-fvwrite.o)
 .debug_frame   0x00000000       0x54 /home/roquealex/MentorGraphics/Sourcery_CodeBench_Lite_for_ARM_EABI/bin/../lib/gcc/arm-none-eabi/4.8.3/../../../../arm-none-eabi/lib/libc.a(lib_a-fwalk.o)
 .debug_frame   0x00000000       0x38 /home/roquealex/MentorGraphics/Sourcery_CodeBench_Lite_for_ARM_EABI/bin/../lib/gcc/arm-none-eabi/4.8.3/../../../../arm-none-eabi/lib/libc.a(lib_a-mallocr.o)
 .debug_frame   0x00000000       0x2c /home/roquealex/MentorGraphics/Sourcery_CodeBench_Lite_for_ARM_EABI/bin/../lib/gcc/arm-none-eabi/4.8.3/../../../../arm-none-eabi/lib/libc.a(lib_a-memchr-stub.o)
 .debug_frame   0x00000000       0x2c /home/roquealex/MentorGraphics/Sourcery_CodeBench_Lite_for_ARM_EABI/bin/../lib/gcc/arm-none-eabi/4.8.3/../../../../arm-none-eabi/lib/libc.a(lib_a-memcpy-stub.o)
 .debug_frame   0x00000000       0x2c /home/roquealex/MentorGraphics/Sourcery_CodeBench_Lite_for_ARM_EABI/bin/../lib/gcc/arm-none-eabi/4.8.3/../../../../arm-none-eabi/lib/libc.a(lib_a-memmove.o)
 .debug_frame   0x00000000       0x2c /home/roquealex/MentorGraphics/Sourcery_CodeBench_Lite_for_ARM_EABI/bin/../lib/gcc/arm-none-eabi/4.8.3/../../../../arm-none-eabi/lib/libc.a(lib_a-memset.o)
 .debug_frame   0x00000000       0x30 /home/roquealex/MentorGraphics/Sourcery_CodeBench_Lite_for_ARM_EABI/bin/../lib/gcc/arm-none-eabi/4.8.3/../../../../arm-none-eabi/lib/libc.a(lib_a-mlock.o)
 .debug_frame   0x00000000       0x38 /home/roquealex/MentorGraphics/Sourcery_CodeBench_Lite_for_ARM_EABI/bin/../lib/gcc/arm-none-eabi/4.8.3/../../../../arm-none-eabi/lib/libc.a(lib_a-reallocr.o)
 .debug_frame   0x00000000       0x48 /home/roquealex/MentorGraphics/Sourcery_CodeBench_Lite_for_ARM_EABI/bin/../lib/gcc/arm-none-eabi/4.8.3/../../../../arm-none-eabi/lib/libc.a(lib_a-refill.o)
 .debug_frame   0x00000000       0x2c /home/roquealex/MentorGraphics/Sourcery_CodeBench_Lite_for_ARM_EABI/bin/../lib/gcc/arm-none-eabi/4.8.3/../../../../arm-none-eabi/lib/libc.a(lib_a-sbrkr.o)
 .debug_frame   0x00000000       0x88 /home/roquealex/MentorGraphics/Sourcery_CodeBench_Lite_for_ARM_EABI/bin/../lib/gcc/arm-none-eabi/4.8.3/../../../../arm-none-eabi/lib/libc.a(lib_a-stdio.o)
 .debug_frame   0x00000000       0x2c /home/roquealex/MentorGraphics/Sourcery_CodeBench_Lite_for_ARM_EABI/bin/../lib/gcc/arm-none-eabi/4.8.3/../../../../arm-none-eabi/lib/libc.a(lib_a-writer.o)
 .debug_frame   0x00000000       0x2c /home/roquealex/MentorGraphics/Sourcery_CodeBench_Lite_for_ARM_EABI/bin/../lib/gcc/arm-none-eabi/4.8.3/../../../../arm-none-eabi/lib/libc.a(lib_a-wsetup.o)
 .debug_frame   0x00000000       0x2c /home/roquealex/MentorGraphics/Sourcery_CodeBench_Lite_for_ARM_EABI/bin/../lib/gcc/arm-none-eabi/4.8.3/../../../../arm-none-eabi/lib/libc.a(lib_a-closer.o)
 .debug_frame   0x00000000       0x3c /home/roquealex/MentorGraphics/Sourcery_CodeBench_Lite_for_ARM_EABI/bin/../lib/gcc/arm-none-eabi/4.8.3/../../../../arm-none-eabi/lib/libc.a(lib_a-fclose.o)
 .debug_frame   0x00000000       0x64 /home/roquealex/MentorGraphics/Sourcery_CodeBench_Lite_for_ARM_EABI/bin/../lib/gcc/arm-none-eabi/4.8.3/../../../../arm-none-eabi/lib/libc.a(lib_a-fflush.o)
 .debug_frame   0x00000000       0x50 /home/roquealex/MentorGraphics/Sourcery_CodeBench_Lite_for_ARM_EABI/bin/../lib/gcc/arm-none-eabi/4.8.3/../../../../arm-none-eabi/lib/libc.a(lib_a-freer.o)
 .debug_frame   0x00000000       0x2c /home/roquealex/MentorGraphics/Sourcery_CodeBench_Lite_for_ARM_EABI/bin/../lib/gcc/arm-none-eabi/4.8.3/../../../../arm-none-eabi/lib/libc.a(lib_a-lseekr.o)
 .debug_frame   0x00000000       0x30 /home/roquealex/MentorGraphics/Sourcery_CodeBench_Lite_for_ARM_EABI/bin/../lib/gcc/arm-none-eabi/4.8.3/../../../../arm-none-eabi/lib/libc.a(lib_a-makebuf.o)
 .debug_frame   0x00000000       0x2c /home/roquealex/MentorGraphics/Sourcery_CodeBench_Lite_for_ARM_EABI/bin/../lib/gcc/arm-none-eabi/4.8.3/../../../../arm-none-eabi/lib/libc.a(lib_a-readr.o)
 .debug_frame   0x00000000       0x48 /home/roquealex/MentorGraphics/Sourcery_CodeBench_Lite_for_ARM_EABI/bin/../lib/gcc/arm-none-eabi/4.8.3/../../../../arm-none-eabi/lib/libc.a(lib_a-reent.o)
 .debug_frame   0x00000000       0x2c /home/roquealex/MentorGraphics/Sourcery_CodeBench_Lite_for_ARM_EABI/bin/../lib/gcc/arm-none-eabi/4.8.3/../../../../arm-none-eabi/lib/libc.a(lib_a-fstatr.o)
 .debug_frame   0x00000000       0x2c /home/roquealex/MentorGraphics/Sourcery_CodeBench_Lite_for_ARM_EABI/bin/../lib/gcc/arm-none-eabi/4.8.3/../../../../arm-none-eabi/lib/libc.a(lib_a-isattyr.o)

Memory Configuration

Name             Origin             Length             Attributes
*default*        0x00000000         0xffffffff

Linker script and memory map

LOAD hello-world.o
LOAD cstartup.o
LOAD cstubs.o
LOAD start.o
START GROUP
LOAD /home/roquealex/MentorGraphics/Sourcery_CodeBench_Lite_for_ARM_EABI/bin/../lib/gcc/arm-none-eabi/4.8.3/libgcc.a
LOAD /home/roquealex/MentorGraphics/Sourcery_CodeBench_Lite_for_ARM_EABI/bin/../lib/gcc/arm-none-eabi/4.8.3/../../../../arm-none-eabi/lib/libc.a
END GROUP
                0x00008000                PROVIDE (__executable_start, 0x8000)
                0x00008000                . = 0x8000

.interp
 *(.interp)

.note.gnu.build-id
 *(.note.gnu.build-id)

.hash
 *(.hash)

.gnu.hash
 *(.gnu.hash)

.dynsym
 *(.dynsym)

.dynstr
 *(.dynstr)

.gnu.version
 *(.gnu.version)

.gnu.version_d
 *(.gnu.version_d)

.gnu.version_r
 *(.gnu.version_r)

.rel.dyn        0x00008000        0x0
 *(.rel.init)
 *(.rel.text .rel.text.* .rel.gnu.linkonce.t.*)
 *(.rel.fini)
 *(.rel.rodata .rel.rodata.* .rel.gnu.linkonce.r.*)
 *(.rel.data.rel.ro .rel.data.rel.ro.* .rel.gnu.linkonce.d.rel.ro.*)
 *(.rel.data .rel.data.* .rel.gnu.linkonce.d.*)
 *(.rel.tdata .rel.tdata.* .rel.gnu.linkonce.td.*)
 *(.rel.tbss .rel.tbss.* .rel.gnu.linkonce.tb.*)
 *(.rel.ctors)
 *(.rel.dtors)
 *(.rel.got)
 *(.rel.bss .rel.bss.* .rel.gnu.linkonce.b.*)
                0x00008000                PROVIDE (__rel_iplt_start, .)
 *(.rel.iplt)
 .rel.iplt      0x00000000        0x0 hello-world.o
                0x00008000                PROVIDE (__rel_iplt_end, .)
                0x00008000                PROVIDE (__rela_iplt_start, .)
                0x00008000                PROVIDE (__rela_iplt_end, .)

.rela.dyn       0x00008000        0x0
 *(.rela.init)
 *(.rela.text .rela.text.* .rela.gnu.linkonce.t.*)
 *(.rela.fini)
 *(.rela.rodata .rela.rodata.* .rela.gnu.linkonce.r.*)
 *(.rela.data .rela.data.* .rela.gnu.linkonce.d.*)
 *(.rela.tdata .rela.tdata.* .rela.gnu.linkonce.td.*)
 *(.rela.tbss .rela.tbss.* .rela.gnu.linkonce.tb.*)
 *(.rela.ctors)
 *(.rela.dtors)
 *(.rela.got)
 *(.rela.bss .rela.bss.* .rela.gnu.linkonce.b.*)
                0x00008000                PROVIDE (__rel_iplt_start, .)
                0x00008000                PROVIDE (__rel_iplt_end, .)
                0x00008000                PROVIDE (__rela_iplt_start, .)
 *(.rela.iplt)
                0x00008000                PROVIDE (__rela_iplt_end, .)

.rel.plt
 *(.rel.plt)

.rela.plt
 *(.rela.plt)

.init           0x00008000       0x8c
 *(SORT(.init))
 .init          0x00008000       0x8c start.o
                0x00008000                _start
                0x00008014                _get_stack_pointer
                0x00008020                _trap
                0x00008030                _outbyte
                0x00008050                _inbyte

.plt
 *(.plt)

.iplt           0x0000808c        0x0
 *(.iplt)
 .iplt          0x00000000        0x0 hello-world.o

.text           0x0000808c     0x2e6c
 *(.text.unlikely .text.*_unlikely .text.unlikely.*)
 *(.text.exit .text.exit.*)
 *(.text.startup .text.startup.*)
 .text.startup  0x0000808c       0x80 hello-world.o
                0x0000808c                main
 *(.text.hot .text.hot.*)
 *(.text .stub .text.* .gnu.linkonce.t.*)
 .text          0x0000810c      0x174 hello-world.o
                0x0000810c                getString
                0x00008188                particion
                0x00008234                quicksort
 .text          0x00008280       0x40 cstartup.o
                0x00008280                _cstartup
 .text          0x000082c0       0xc8 cstubs.o
                0x000082c0                _sbrk
                0x0000830c                _isatty
                0x00008314                _lseek
                0x0000831c                _read
                0x00008324                _close
                0x0000832c                _fstat
                0x0000833c                _write
 .text          0x00008388        0x0 start.o
 .text          0x00008388        0x0 /home/roquealex/MentorGraphics/Sourcery_CodeBench_Lite_for_ARM_EABI/bin/../lib/gcc/arm-none-eabi/4.8.3/../../../../arm-none-eabi/lib/libc.a(lib_a-impure.o)
 .text          0x00008388       0xa8 /home/roquealex/MentorGraphics/Sourcery_CodeBench_Lite_for_ARM_EABI/bin/../lib/gcc/arm-none-eabi/4.8.3/../../../../arm-none-eabi/lib/libc.a(lib_a-puts.o)
                0x00008388                _puts_r
                0x0000841c                puts
 .text          0x00008430       0x70 /home/roquealex/MentorGraphics/Sourcery_CodeBench_Lite_for_ARM_EABI/bin/../lib/gcc/arm-none-eabi/4.8.3/../../../../arm-none-eabi/lib/libc.a(lib_a-rget.o)
                0x00008430                __srget_r
                0x0000848c                __srget
 .text          0x000084a0       0x60 /home/roquealex/MentorGraphics/Sourcery_CodeBench_Lite_for_ARM_EABI/bin/../lib/gcc/arm-none-eabi/4.8.3/../../../../arm-none-eabi/lib/libc.a(lib_a-strlen.o)
                0x000084a0                strlen
 .text          0x00008500      0x354 /home/roquealex/MentorGraphics/Sourcery_CodeBench_Lite_for_ARM_EABI/bin/../lib/gcc/arm-none-eabi/4.8.3/../../../../arm-none-eabi/lib/libc.a(lib_a-findfp.o)
                0x00008510                _cleanup_r
                0x00008528                __sfmoreglue
                0x00008578                _cleanup
                0x0000859c                __sinit
                0x00008704                __sfp
                0x000087fc                __sfp_lock_acquire
                0x00008800                __sfp_lock_release
                0x00008804                __sinit_lock_acquire
                0x00008808                __sinit_lock_release
                0x0000880c                __fp_lock_all
                0x00008830                __fp_unlock_all
 .text          0x00008854      0x4d4 /home/roquealex/MentorGraphics/Sourcery_CodeBench_Lite_for_ARM_EABI/bin/../lib/gcc/arm-none-eabi/4.8.3/../../../../arm-none-eabi/lib/libc.a(lib_a-fvwrite.o)
                0x00008854                __sfvwrite_r
 .text          0x00008d28      0x110 /home/roquealex/MentorGraphics/Sourcery_CodeBench_Lite_for_ARM_EABI/bin/../lib/gcc/arm-none-eabi/4.8.3/../../../../arm-none-eabi/lib/libc.a(lib_a-fwalk.o)
                0x00008d28                _fwalk
                0x00008dac                _fwalk_reent
 .text          0x00008e38      0x72c /home/roquealex/MentorGraphics/Sourcery_CodeBench_Lite_for_ARM_EABI/bin/../lib/gcc/arm-none-eabi/4.8.3/../../../../arm-none-eabi/lib/libc.a(lib_a-mallocr.o)
                0x00008e38                _malloc_r
 .text          0x00009564      0x114 /home/roquealex/MentorGraphics/Sourcery_CodeBench_Lite_for_ARM_EABI/bin/../lib/gcc/arm-none-eabi/4.8.3/../../../../arm-none-eabi/lib/libc.a(lib_a-memchr-stub.o)
                0x00009564                memchr
 .text          0x00009678       0xf0 /home/roquealex/MentorGraphics/Sourcery_CodeBench_Lite_for_ARM_EABI/bin/../lib/gcc/arm-none-eabi/4.8.3/../../../../arm-none-eabi/lib/libc.a(lib_a-memcpy-stub.o)
                0x00009678                memcpy
 .text          0x00009768      0x134 /home/roquealex/MentorGraphics/Sourcery_CodeBench_Lite_for_ARM_EABI/bin/../lib/gcc/arm-none-eabi/4.8.3/../../../../arm-none-eabi/lib/libc.a(lib_a-memmove.o)
                0x00009768                memmove
 .text          0x0000989c       0xf4 /home/roquealex/MentorGraphics/Sourcery_CodeBench_Lite_for_ARM_EABI/bin/../lib/gcc/arm-none-eabi/4.8.3/../../../../arm-none-eabi/lib/libc.a(lib_a-memset.o)
                0x0000989c                memset
 .text          0x00009990        0x8 /home/roquealex/MentorGraphics/Sourcery_CodeBench_Lite_for_ARM_EABI/bin/../lib/gcc/arm-none-eabi/4.8.3/../../../../arm-none-eabi/lib/libc.a(lib_a-mlock.o)
                0x00009990                __malloc_lock
                0x00009994                __malloc_unlock
 .text          0x00009998      0x56c /home/roquealex/MentorGraphics/Sourcery_CodeBench_Lite_for_ARM_EABI/bin/../lib/gcc/arm-none-eabi/4.8.3/../../../../arm-none-eabi/lib/libc.a(lib_a-reallocr.o)
                0x00009998                _realloc_r
 .text          0x00009f04      0x20c /home/roquealex/MentorGraphics/Sourcery_CodeBench_Lite_for_ARM_EABI/bin/../lib/gcc/arm-none-eabi/4.8.3/../../../../arm-none-eabi/lib/libc.a(lib_a-refill.o)
                0x00009f30                __srefill_r
 .text          0x0000a110       0x44 /home/roquealex/MentorGraphics/Sourcery_CodeBench_Lite_for_ARM_EABI/bin/../lib/gcc/arm-none-eabi/4.8.3/../../../../arm-none-eabi/lib/libc.a(lib_a-sbrkr.o)
                0x0000a110                _sbrk_r
 .text          0x0000a154       0xd8 /home/roquealex/MentorGraphics/Sourcery_CodeBench_Lite_for_ARM_EABI/bin/../lib/gcc/arm-none-eabi/4.8.3/../../../../arm-none-eabi/lib/libc.a(lib_a-stdio.o)
                0x0000a154                __sread
                0x0000a188                __seofread
                0x0000a190                __swrite
                0x0000a1e8                __sseek
                0x0000a218                __sclose
 .text          0x0000a22c       0x44 /home/roquealex/MentorGraphics/Sourcery_CodeBench_Lite_for_ARM_EABI/bin/../lib/gcc/arm-none-eabi/4.8.3/../../../../arm-none-eabi/lib/libc.a(lib_a-writer.o)
                0x0000a22c                _write_r
 .text          0x0000a270      0x15c /home/roquealex/MentorGraphics/Sourcery_CodeBench_Lite_for_ARM_EABI/bin/../lib/gcc/arm-none-eabi/4.8.3/../../../../arm-none-eabi/lib/libc.a(lib_a-wsetup.o)
                0x0000a270                __swsetup_r
 .text          0x0000a3cc       0x3c /home/roquealex/MentorGraphics/Sourcery_CodeBench_Lite_for_ARM_EABI/bin/../lib/gcc/arm-none-eabi/4.8.3/../../../../arm-none-eabi/lib/libc.a(lib_a-closer.o)
                0x0000a3cc                _close_r
 .text          0x0000a408      0x104 /home/roquealex/MentorGraphics/Sourcery_CodeBench_Lite_for_ARM_EABI/bin/../lib/gcc/arm-none-eabi/4.8.3/../../../../arm-none-eabi/lib/libc.a(lib_a-fclose.o)
                0x0000a408                _fclose_r
                0x0000a4f8                fclose
 .text          0x0000a50c      0x2d4 /home/roquealex/MentorGraphics/Sourcery_CodeBench_Lite_for_ARM_EABI/bin/../lib/gcc/arm-none-eabi/4.8.3/../../../../arm-none-eabi/lib/libc.a(lib_a-fflush.o)
                0x0000a50c                __sflush_r
                0x0000a750                _fflush_r
                0x0000a7a4                fflush
 .text          0x0000a7e0      0x36c /home/roquealex/MentorGraphics/Sourcery_CodeBench_Lite_for_ARM_EABI/bin/../lib/gcc/arm-none-eabi/4.8.3/../../../../arm-none-eabi/lib/libc.a(lib_a-freer.o)
                0x0000a7e0                _malloc_trim_r
                0x0000a8e0                _free_r
 .text          0x0000ab4c       0x44 /home/roquealex/MentorGraphics/Sourcery_CodeBench_Lite_for_ARM_EABI/bin/../lib/gcc/arm-none-eabi/4.8.3/../../../../arm-none-eabi/lib/libc.a(lib_a-lseekr.o)
                0x0000ab4c                _lseek_r
 .text          0x0000ab90      0x174 /home/roquealex/MentorGraphics/Sourcery_CodeBench_Lite_for_ARM_EABI/bin/../lib/gcc/arm-none-eabi/4.8.3/../../../../arm-none-eabi/lib/libc.a(lib_a-makebuf.o)
                0x0000ab90                __smakebuf_r
 .text          0x0000ad04       0x44 /home/roquealex/MentorGraphics/Sourcery_CodeBench_Lite_for_ARM_EABI/bin/../lib/gcc/arm-none-eabi/4.8.3/../../../../arm-none-eabi/lib/libc.a(lib_a-readr.o)
                0x0000ad04                _read_r
 .text          0x0000ad48      0x134 /home/roquealex/MentorGraphics/Sourcery_CodeBench_Lite_for_ARM_EABI/bin/../lib/gcc/arm-none-eabi/4.8.3/../../../../arm-none-eabi/lib/libc.a(lib_a-reent.o)
                0x0000ad48                cleanup_glue
                0x0000ad74                _reclaim_reent
 .text          0x0000ae7c       0x40 /home/roquealex/MentorGraphics/Sourcery_CodeBench_Lite_for_ARM_EABI/bin/../lib/gcc/arm-none-eabi/4.8.3/../../../../arm-none-eabi/lib/libc.a(lib_a-fstatr.o)
                0x0000ae7c                _fstat_r
 .text          0x0000aebc       0x3c /home/roquealex/MentorGraphics/Sourcery_CodeBench_Lite_for_ARM_EABI/bin/../lib/gcc/arm-none-eabi/4.8.3/../../../../arm-none-eabi/lib/libc.a(lib_a-isattyr.o)
                0x0000aebc                _isatty_r
 *(.gnu.warning)
 *(.glue_7t)
 .glue_7t       0x00000000        0x0 linker stubs
 *(.glue_7)
 .glue_7        0x00000000        0x0 linker stubs
 *(.vfp11_veneer)
 .vfp11_veneer  0x00000000        0x0 linker stubs
 *(.v4_bx)
 .v4_bx         0x00000000        0x0 linker stubs

.fini
 *(SORT(.fini))
                0x0000aef8                PROVIDE (__etext, .)
                0x0000aef8                PROVIDE (_etext, .)
                0x0000aef8                PROVIDE (etext, .)

.rodata         0x0000aef8       0x40
 *(.rodata .rodata.* .gnu.linkonce.r.*)
 .rodata.str1.4
                0x0000aef8       0x34 hello-world.o
 .rodata        0x0000af2c        0x4 /home/roquealex/MentorGraphics/Sourcery_CodeBench_Lite_for_ARM_EABI/bin/../lib/gcc/arm-none-eabi/4.8.3/../../../../arm-none-eabi/lib/libc.a(lib_a-impure.o)
                0x0000af2c                _global_impure_ptr
 .rodata.str1.4
                0x0000af30        0x2 /home/roquealex/MentorGraphics/Sourcery_CodeBench_Lite_for_ARM_EABI/bin/../lib/gcc/arm-none-eabi/4.8.3/../../../../arm-none-eabi/lib/libc.a(lib_a-impure.o)
                                  0x4 (size before relaxing)
 *fill*         0x0000af32        0x2 
 .rodata.str1.4
                0x0000af34        0x4 /home/roquealex/MentorGraphics/Sourcery_CodeBench_Lite_for_ARM_EABI/bin/../lib/gcc/arm-none-eabi/4.8.3/../../../../arm-none-eabi/lib/libc.a(lib_a-puts.o)

.rodata1
 *(.rodata1)

.ARM.extab
 *(.ARM.extab* .gnu.linkonce.armextab.*)
                0x0000af38                PROVIDE (__exidx_start, .)

.ARM.exidx
 *(.ARM.exidx* .gnu.linkonce.armexidx.*)
                0x0000af38                PROVIDE (__exidx_end, .)

.eh_frame_hdr
 *(.eh_frame_hdr)
 *(.eh_frame_entry .eh_frame_entry.*)

.eh_frame
 *(.eh_frame)
 *(.eh_frame.*)

.gcc_except_table
 *(.gcc_except_table .gcc_except_table.*)

.gnu_extab
 *(.gnu_extab*)

.exception_ranges
 *(.exception_ranges .exception_ranges*)
                0x00012f38                . = (ALIGN (0x8000) + (. & 0x7fff))

.eh_frame
 *(.eh_frame)
 *(.eh_frame.*)

.gnu_extab
 *(.gnu_extab)

.gcc_except_table
 *(.gcc_except_table .gcc_except_table.*)

.exception_ranges
 *(.exception_ranges .exception_ranges*)

.tdata
 *(.tdata .tdata.* .gnu.linkonce.td.*)

.tbss
 *(.tbss .tbss.* .gnu.linkonce.tb.*)
 *(.tcommon)

.preinit_array  0x00012f38        0x0
                0x00012f38                PROVIDE (__preinit_array_start, .)
 *(.preinit_array)
                0x00012f38                PROVIDE (__preinit_array_end, .)

.init_array     0x00012f38        0x0
                0x00012f38                PROVIDE (__init_array_start, .)
 *(SORT(.init_array.*))
 *(.init_array)
                0x00012f38                PROVIDE (__init_array_end, .)

.fini_array     0x00012f38        0x0
                0x00012f38                PROVIDE (__fini_array_start, .)
 *(SORT(.fini_array.*))
 *(.fini_array)
                0x00012f38                PROVIDE (__fini_array_end, .)

.ctors
 *crtbegin.o(.ctors)
 *crtbegin?.o(.ctors)
 *(EXCLUDE_FILE(*crtend?.o *crtend.o) .ctors)
 *(SORT(.ctors.*))
 *(.ctors)

.dtors
 *crtbegin.o(.dtors)
 *crtbegin?.o(.dtors)
 *(EXCLUDE_FILE(*crtend?.o *crtend.o) .dtors)
 *(SORT(.dtors.*))
 *(.dtors)

.jcr
 *(.jcr)

.data.rel.ro
 *(.data.rel.ro.local* .gnu.linkonce.d.rel.ro.local.*)
 *(.data.rel.ro .data.rel.ro.* .gnu.linkonce.d.rel.ro.*)

.dynamic
 *(.dynamic)

.got            0x00012f38        0x0
 *(.got.plt)
 *(.igot.plt)
 .igot.plt      0x00000000        0x0 hello-world.o
 *(.got)
 *(.igot)

.data           0x00012f38      0x848
                0x00012f38                __data_start = .
 *(.data .data.* .gnu.linkonce.d.*)
 .data          0x00012f38        0x8 hello-world.o
                0x00012f38                str_hello
 .data          0x00012f40        0x0 cstartup.o
 .data          0x00012f40        0x0 cstubs.o
 .data          0x00012f40        0x0 start.o
 .data          0x00012f40      0x430 /home/roquealex/MentorGraphics/Sourcery_CodeBench_Lite_for_ARM_EABI/bin/../lib/gcc/arm-none-eabi/4.8.3/../../../../arm-none-eabi/lib/libc.a(lib_a-impure.o)
                0x00012f40                _impure_ptr
 .data          0x00013370        0x0 /home/roquealex/MentorGraphics/Sourcery_CodeBench_Lite_for_ARM_EABI/bin/../lib/gcc/arm-none-eabi/4.8.3/../../../../arm-none-eabi/lib/libc.a(lib_a-puts.o)
 .data          0x00013370        0x0 /home/roquealex/MentorGraphics/Sourcery_CodeBench_Lite_for_ARM_EABI/bin/../lib/gcc/arm-none-eabi/4.8.3/../../../../arm-none-eabi/lib/libc.a(lib_a-rget.o)
 .data          0x00013370        0x0 /home/roquealex/MentorGraphics/Sourcery_CodeBench_Lite_for_ARM_EABI/bin/../lib/gcc/arm-none-eabi/4.8.3/../../../../arm-none-eabi/lib/libc.a(lib_a-strlen.o)
 .data          0x00013370        0x0 /home/roquealex/MentorGraphics/Sourcery_CodeBench_Lite_for_ARM_EABI/bin/../lib/gcc/arm-none-eabi/4.8.3/../../../../arm-none-eabi/lib/libc.a(lib_a-findfp.o)
 .data          0x00013370        0x0 /home/roquealex/MentorGraphics/Sourcery_CodeBench_Lite_for_ARM_EABI/bin/../lib/gcc/arm-none-eabi/4.8.3/../../../../arm-none-eabi/lib/libc.a(lib_a-fvwrite.o)
 .data          0x00013370        0x0 /home/roquealex/MentorGraphics/Sourcery_CodeBench_Lite_for_ARM_EABI/bin/../lib/gcc/arm-none-eabi/4.8.3/../../../../arm-none-eabi/lib/libc.a(lib_a-fwalk.o)
 .data          0x00013370      0x410 /home/roquealex/MentorGraphics/Sourcery_CodeBench_Lite_for_ARM_EABI/bin/../lib/gcc/arm-none-eabi/4.8.3/../../../../arm-none-eabi/lib/libc.a(lib_a-mallocr.o)
                0x00013370                __malloc_av_
                0x00013778                __malloc_sbrk_base
                0x0001377c                __malloc_trim_threshold
 .data          0x00013780        0x0 /home/roquealex/MentorGraphics/Sourcery_CodeBench_Lite_for_ARM_EABI/bin/../lib/gcc/arm-none-eabi/4.8.3/../../../../arm-none-eabi/lib/libc.a(lib_a-memchr-stub.o)
 .data          0x00013780        0x0 /home/roquealex/MentorGraphics/Sourcery_CodeBench_Lite_for_ARM_EABI/bin/../lib/gcc/arm-none-eabi/4.8.3/../../../../arm-none-eabi/lib/libc.a(lib_a-memcpy-stub.o)
 .data          0x00013780        0x0 /home/roquealex/MentorGraphics/Sourcery_CodeBench_Lite_for_ARM_EABI/bin/../lib/gcc/arm-none-eabi/4.8.3/../../../../arm-none-eabi/lib/libc.a(lib_a-memmove.o)
 .data          0x00013780        0x0 /home/roquealex/MentorGraphics/Sourcery_CodeBench_Lite_for_ARM_EABI/bin/../lib/gcc/arm-none-eabi/4.8.3/../../../../arm-none-eabi/lib/libc.a(lib_a-memset.o)
 .data          0x00013780        0x0 /home/roquealex/MentorGraphics/Sourcery_CodeBench_Lite_for_ARM_EABI/bin/../lib/gcc/arm-none-eabi/4.8.3/../../../../arm-none-eabi/lib/libc.a(lib_a-mlock.o)
 .data          0x00013780        0x0 /home/roquealex/MentorGraphics/Sourcery_CodeBench_Lite_for_ARM_EABI/bin/../lib/gcc/arm-none-eabi/4.8.3/../../../../arm-none-eabi/lib/libc.a(lib_a-reallocr.o)
 .data          0x00013780        0x0 /home/roquealex/MentorGraphics/Sourcery_CodeBench_Lite_for_ARM_EABI/bin/../lib/gcc/arm-none-eabi/4.8.3/../../../../arm-none-eabi/lib/libc.a(lib_a-refill.o)
 .data          0x00013780        0x0 /home/roquealex/MentorGraphics/Sourcery_CodeBench_Lite_for_ARM_EABI/bin/../lib/gcc/arm-none-eabi/4.8.3/../../../../arm-none-eabi/lib/libc.a(lib_a-sbrkr.o)
 .data          0x00013780        0x0 /home/roquealex/MentorGraphics/Sourcery_CodeBench_Lite_for_ARM_EABI/bin/../lib/gcc/arm-none-eabi/4.8.3/../../../../arm-none-eabi/lib/libc.a(lib_a-stdio.o)
 .data          0x00013780        0x0 /home/roquealex/MentorGraphics/Sourcery_CodeBench_Lite_for_ARM_EABI/bin/../lib/gcc/arm-none-eabi/4.8.3/../../../../arm-none-eabi/lib/libc.a(lib_a-writer.o)
 .data          0x00013780        0x0 /home/roquealex/MentorGraphics/Sourcery_CodeBench_Lite_for_ARM_EABI/bin/../lib/gcc/arm-none-eabi/4.8.3/../../../../arm-none-eabi/lib/libc.a(lib_a-wsetup.o)
 .data          0x00013780        0x0 /home/roquealex/MentorGraphics/Sourcery_CodeBench_Lite_for_ARM_EABI/bin/../lib/gcc/arm-none-eabi/4.8.3/../../../../arm-none-eabi/lib/libc.a(lib_a-closer.o)
 .data          0x00013780        0x0 /home/roquealex/MentorGraphics/Sourcery_CodeBench_Lite_for_ARM_EABI/bin/../lib/gcc/arm-none-eabi/4.8.3/../../../../arm-none-eabi/lib/libc.a(lib_a-fclose.o)
 .data          0x00013780        0x0 /home/roquealex/MentorGraphics/Sourcery_CodeBench_Lite_for_ARM_EABI/bin/../lib/gcc/arm-none-eabi/4.8.3/../../../../arm-none-eabi/lib/libc.a(lib_a-fflush.o)
 .data          0x00013780        0x0 /home/roquealex/MentorGraphics/Sourcery_CodeBench_Lite_for_ARM_EABI/bin/../lib/gcc/arm-none-eabi/4.8.3/../../../../arm-none-eabi/lib/libc.a(lib_a-freer.o)
 .data          0x00013780        0x0 /home/roquealex/MentorGraphics/Sourcery_CodeBench_Lite_for_ARM_EABI/bin/../lib/gcc/arm-none-eabi/4.8.3/../../../../arm-none-eabi/lib/libc.a(lib_a-lseekr.o)
 .data          0x00013780        0x0 /home/roquealex/MentorGraphics/Sourcery_CodeBench_Lite_for_ARM_EABI/bin/../lib/gcc/arm-none-eabi/4.8.3/../../../../arm-none-eabi/lib/libc.a(lib_a-makebuf.o)
 .data          0x00013780        0x0 /home/roquealex/MentorGraphics/Sourcery_CodeBench_Lite_for_ARM_EABI/bin/../lib/gcc/arm-none-eabi/4.8.3/../../../../arm-none-eabi/lib/libc.a(lib_a-readr.o)
 .data          0x00013780        0x0 /home/roquealex/MentorGraphics/Sourcery_CodeBench_Lite_for_ARM_EABI/bin/../lib/gcc/arm-none-eabi/4.8.3/../../../../arm-none-eabi/lib/libc.a(lib_a-reent.o)
 .data          0x00013780        0x0 /home/roquealex/MentorGraphics/Sourcery_CodeBench_Lite_for_ARM_EABI/bin/../lib/gcc/arm-none-eabi/4.8.3/../../../../arm-none-eabi/lib/libc.a(lib_a-fstatr.o)
 .data          0x00013780        0x0 /home/roquealex/MentorGraphics/Sourcery_CodeBench_Lite_for_ARM_EABI/bin/../lib/gcc/arm-none-eabi/4.8.3/../../../../arm-none-eabi/lib/libc.a(lib_a-isattyr.o)

.data1
 *(.data1)
                0x00013780                _edata = .
                0x00013780                PROVIDE (edata, .)
                0x00013780                . = .
                0x00013780                __bss_start = .
                0x00013780                __bss_start__ = .

.bss            0x00013780       0x4c
 *(.dynbss)
 *(.bss .bss.* .gnu.linkonce.b.*)
 .bss           0x00013780        0x0 hello-world.o
 .bss           0x00013780        0x0 cstartup.o
 .bss           0x00013780        0x4 cstubs.o
 .bss           0x00013784        0x4 start.o
 .bss           0x00013788        0x0 /home/roquealex/MentorGraphics/Sourcery_CodeBench_Lite_for_ARM_EABI/bin/../lib/gcc/arm-none-eabi/4.8.3/../../../../arm-none-eabi/lib/libc.a(lib_a-impure.o)
 .bss           0x00013788        0x0 /home/roquealex/MentorGraphics/Sourcery_CodeBench_Lite_for_ARM_EABI/bin/../lib/gcc/arm-none-eabi/4.8.3/../../../../arm-none-eabi/lib/libc.a(lib_a-puts.o)
 .bss           0x00013788        0x0 /home/roquealex/MentorGraphics/Sourcery_CodeBench_Lite_for_ARM_EABI/bin/../lib/gcc/arm-none-eabi/4.8.3/../../../../arm-none-eabi/lib/libc.a(lib_a-rget.o)
 .bss           0x00013788        0x0 /home/roquealex/MentorGraphics/Sourcery_CodeBench_Lite_for_ARM_EABI/bin/../lib/gcc/arm-none-eabi/4.8.3/../../../../arm-none-eabi/lib/libc.a(lib_a-strlen.o)
 .bss           0x00013788        0x0 /home/roquealex/MentorGraphics/Sourcery_CodeBench_Lite_for_ARM_EABI/bin/../lib/gcc/arm-none-eabi/4.8.3/../../../../arm-none-eabi/lib/libc.a(lib_a-findfp.o)
 .bss           0x00013788        0x0 /home/roquealex/MentorGraphics/Sourcery_CodeBench_Lite_for_ARM_EABI/bin/../lib/gcc/arm-none-eabi/4.8.3/../../../../arm-none-eabi/lib/libc.a(lib_a-fvwrite.o)
 .bss           0x00013788        0x0 /home/roquealex/MentorGraphics/Sourcery_CodeBench_Lite_for_ARM_EABI/bin/../lib/gcc/arm-none-eabi/4.8.3/../../../../arm-none-eabi/lib/libc.a(lib_a-fwalk.o)
 .bss           0x00013788       0x34 /home/roquealex/MentorGraphics/Sourcery_CodeBench_Lite_for_ARM_EABI/bin/../lib/gcc/arm-none-eabi/4.8.3/../../../../arm-none-eabi/lib/libc.a(lib_a-mallocr.o)
                0x00013788                __malloc_top_pad
                0x0001378c                __malloc_current_mallinfo
                0x000137b4                __malloc_max_sbrked_mem
                0x000137b8                __malloc_max_total_mem
 .bss           0x000137bc        0x0 /home/roquealex/MentorGraphics/Sourcery_CodeBench_Lite_for_ARM_EABI/bin/../lib/gcc/arm-none-eabi/4.8.3/../../../../arm-none-eabi/lib/libc.a(lib_a-memchr-stub.o)
 .bss           0x000137bc        0x0 /home/roquealex/MentorGraphics/Sourcery_CodeBench_Lite_for_ARM_EABI/bin/../lib/gcc/arm-none-eabi/4.8.3/../../../../arm-none-eabi/lib/libc.a(lib_a-memcpy-stub.o)
 .bss           0x000137bc        0x0 /home/roquealex/MentorGraphics/Sourcery_CodeBench_Lite_for_ARM_EABI/bin/../lib/gcc/arm-none-eabi/4.8.3/../../../../arm-none-eabi/lib/libc.a(lib_a-memmove.o)
 .bss           0x000137bc        0x0 /home/roquealex/MentorGraphics/Sourcery_CodeBench_Lite_for_ARM_EABI/bin/../lib/gcc/arm-none-eabi/4.8.3/../../../../arm-none-eabi/lib/libc.a(lib_a-memset.o)
 .bss           0x000137bc        0x0 /home/roquealex/MentorGraphics/Sourcery_CodeBench_Lite_for_ARM_EABI/bin/../lib/gcc/arm-none-eabi/4.8.3/../../../../arm-none-eabi/lib/libc.a(lib_a-mlock.o)
 .bss           0x000137bc        0x0 /home/roquealex/MentorGraphics/Sourcery_CodeBench_Lite_for_ARM_EABI/bin/../lib/gcc/arm-none-eabi/4.8.3/../../../../arm-none-eabi/lib/libc.a(lib_a-reallocr.o)
 .bss           0x000137bc        0x0 /home/roquealex/MentorGraphics/Sourcery_CodeBench_Lite_for_ARM_EABI/bin/../lib/gcc/arm-none-eabi/4.8.3/../../../../arm-none-eabi/lib/libc.a(lib_a-refill.o)
 .bss           0x000137bc        0x0 /home/roquealex/MentorGraphics/Sourcery_CodeBench_Lite_for_ARM_EABI/bin/../lib/gcc/arm-none-eabi/4.8.3/../../../../arm-none-eabi/lib/libc.a(lib_a-sbrkr.o)
 .bss           0x000137bc        0x0 /home/roquealex/MentorGraphics/Sourcery_CodeBench_Lite_for_ARM_EABI/bin/../lib/gcc/arm-none-eabi/4.8.3/../../../../arm-none-eabi/lib/libc.a(lib_a-stdio.o)
 .bss           0x000137bc        0x0 /home/roquealex/MentorGraphics/Sourcery_CodeBench_Lite_for_ARM_EABI/bin/../lib/gcc/arm-none-eabi/4.8.3/../../../../arm-none-eabi/lib/libc.a(lib_a-writer.o)
 .bss           0x000137bc        0x0 /home/roquealex/MentorGraphics/Sourcery_CodeBench_Lite_for_ARM_EABI/bin/../lib/gcc/arm-none-eabi/4.8.3/../../../../arm-none-eabi/lib/libc.a(lib_a-wsetup.o)
 .bss           0x000137bc        0x0 /home/roquealex/MentorGraphics/Sourcery_CodeBench_Lite_for_ARM_EABI/bin/../lib/gcc/arm-none-eabi/4.8.3/../../../../arm-none-eabi/lib/libc.a(lib_a-closer.o)
 .bss           0x000137bc        0x0 /home/roquealex/MentorGraphics/Sourcery_CodeBench_Lite_for_ARM_EABI/bin/../lib/gcc/arm-none-eabi/4.8.3/../../../../arm-none-eabi/lib/libc.a(lib_a-fclose.o)
 .bss           0x000137bc        0x0 /home/roquealex/MentorGraphics/Sourcery_CodeBench_Lite_for_ARM_EABI/bin/../lib/gcc/arm-none-eabi/4.8.3/../../../../arm-none-eabi/lib/libc.a(lib_a-fflush.o)
 .bss           0x000137bc        0x0 /home/roquealex/MentorGraphics/Sourcery_CodeBench_Lite_for_ARM_EABI/bin/../lib/gcc/arm-none-eabi/4.8.3/../../../../arm-none-eabi/lib/libc.a(lib_a-freer.o)
 .bss           0x000137bc        0x0 /home/roquealex/MentorGraphics/Sourcery_CodeBench_Lite_for_ARM_EABI/bin/../lib/gcc/arm-none-eabi/4.8.3/../../../../arm-none-eabi/lib/libc.a(lib_a-lseekr.o)
 .bss           0x000137bc        0x0 /home/roquealex/MentorGraphics/Sourcery_CodeBench_Lite_for_ARM_EABI/bin/../lib/gcc/arm-none-eabi/4.8.3/../../../../arm-none-eabi/lib/libc.a(lib_a-makebuf.o)
 .bss           0x000137bc        0x0 /home/roquealex/MentorGraphics/Sourcery_CodeBench_Lite_for_ARM_EABI/bin/../lib/gcc/arm-none-eabi/4.8.3/../../../../arm-none-eabi/lib/libc.a(lib_a-readr.o)
 .bss           0x000137bc        0x0 /home/roquealex/MentorGraphics/Sourcery_CodeBench_Lite_for_ARM_EABI/bin/../lib/gcc/arm-none-eabi/4.8.3/../../../../arm-none-eabi/lib/libc.a(lib_a-reent.o)
 .bss           0x000137bc        0x0 /home/roquealex/MentorGraphics/Sourcery_CodeBench_Lite_for_ARM_EABI/bin/../lib/gcc/arm-none-eabi/4.8.3/../../../../arm-none-eabi/lib/libc.a(lib_a-fstatr.o)
 .bss           0x000137bc        0x0 /home/roquealex/MentorGraphics/Sourcery_CodeBench_Lite_for_ARM_EABI/bin/../lib/gcc/arm-none-eabi/4.8.3/../../../../arm-none-eabi/lib/libc.a(lib_a-isattyr.o)
 *(COMMON)
 COMMON         0x000137bc        0xc hello-world.o
                0x000137bc                str_buffer
 COMMON         0x000137c8        0x4 /home/roquealex/MentorGraphics/Sourcery_CodeBench_Lite_for_ARM_EABI/bin/../lib/gcc/arm-none-eabi/4.8.3/../../../../arm-none-eabi/lib/libc.a(lib_a-reent.o)
                0x000137c8                errno
                0x000137cc                . = ALIGN ((. != 0x0)?0x4:0x1)
                0x000137cc                _bss_end__ = .
                0x000137cc                __bss_end__ = .
                0x000137cc                . = ALIGN (0x4)
                0x000137cc                . = SEGMENT_START ("ldata-segment", .)
                0x000137cc                . = ALIGN (0x4)
                0x000137cc                __end__ = .
                0x000137cc                _end = .
                0x000137cc                PROVIDE (end, .)

.stab
 *(.stab)

.stabstr
 *(.stabstr)

.stab.excl
 *(.stab.excl)

.stab.exclstr
 *(.stab.exclstr)

.stab.index
 *(.stab.index)

.stab.indexstr
 *(.stab.indexstr)

.comment        0x00000000       0x46
 *(.comment)
 .comment       0x00000000       0x46 hello-world.o
                                 0x47 (size before relaxing)
 .comment       0x00000000       0x47 cstartup.o
 .comment       0x00000000       0x47 cstubs.o

.debug
 *(.debug)

.line
 *(.line)

.debug_srcinfo
 *(.debug_srcinfo)

.debug_sfnames
 *(.debug_sfnames)

.debug_aranges
 *(.debug_aranges)

.debug_pubnames
 *(.debug_pubnames)

.debug_info
 *(.debug_info .gnu.linkonce.wi.*)

.debug_abbrev
 *(.debug_abbrev)

.debug_line
 *(.debug_line .debug_line.* .debug_line_end)

.debug_frame
 *(.debug_frame)

.debug_str
 *(.debug_str)

.debug_loc
 *(.debug_loc)

.debug_macinfo
 *(.debug_macinfo)

.debug_weaknames
 *(.debug_weaknames)

.debug_funcnames
 *(.debug_funcnames)

.debug_typenames
 *(.debug_typenames)

.debug_varnames
 *(.debug_varnames)

.debug_pubtypes
 *(.debug_pubtypes)

.debug_ranges
 *(.debug_ranges)

.debug_macro
 *(.debug_macro)

.stack          0x00080000        0x0
                0x00080000                _stack = .
 *(.stack)

.ARM.attributes
                0x00000000       0x31
 *(.ARM.attributes)
 .ARM.attributes
                0x00000000       0x33 hello-world.o
 .ARM.attributes
                0x00000033       0x33 cstartup.o
 .ARM.attributes
                0x00000066       0x33 cstubs.o
 .ARM.attributes
                0x00000099       0x14 start.o
 .ARM.attributes
                0x000000ad       0x30 /home/roquealex/MentorGraphics/Sourcery_CodeBench_Lite_for_ARM_EABI/bin/../lib/gcc/arm-none-eabi/4.8.3/../../../../arm-none-eabi/lib/libc.a(lib_a-impure.o)
 .ARM.attributes
                0x000000dd       0x30 /home/roquealex/MentorGraphics/Sourcery_CodeBench_Lite_for_ARM_EABI/bin/../lib/gcc/arm-none-eabi/4.8.3/../../../../arm-none-eabi/lib/libc.a(lib_a-puts.o)
 .ARM.attributes
                0x0000010d       0x30 /home/roquealex/MentorGraphics/Sourcery_CodeBench_Lite_for_ARM_EABI/bin/../lib/gcc/arm-none-eabi/4.8.3/../../../../arm-none-eabi/lib/libc.a(lib_a-rget.o)
 .ARM.attributes
                0x0000013d       0x30 /home/roquealex/MentorGraphics/Sourcery_CodeBench_Lite_for_ARM_EABI/bin/../lib/gcc/arm-none-eabi/4.8.3/../../../../arm-none-eabi/lib/libc.a(lib_a-strlen.o)
 .ARM.attributes
                0x0000016d       0x30 /home/roquealex/MentorGraphics/Sourcery_CodeBench_Lite_for_ARM_EABI/bin/../lib/gcc/arm-none-eabi/4.8.3/../../../../arm-none-eabi/lib/libc.a(lib_a-findfp.o)
 .ARM.attributes
                0x0000019d       0x30 /home/roquealex/MentorGraphics/Sourcery_CodeBench_Lite_for_ARM_EABI/bin/../lib/gcc/arm-none-eabi/4.8.3/../../../../arm-none-eabi/lib/libc.a(lib_a-fvwrite.o)
 .ARM.attributes
                0x000001cd       0x30 /home/roquealex/MentorGraphics/Sourcery_CodeBench_Lite_for_ARM_EABI/bin/../lib/gcc/arm-none-eabi/4.8.3/../../../../arm-none-eabi/lib/libc.a(lib_a-fwalk.o)
 .ARM.attributes
                0x000001fd       0x30 /home/roquealex/MentorGraphics/Sourcery_CodeBench_Lite_for_ARM_EABI/bin/../lib/gcc/arm-none-eabi/4.8.3/../../../../arm-none-eabi/lib/libc.a(lib_a-mallocr.o)
 .ARM.attributes
                0x0000022d       0x30 /home/roquealex/MentorGraphics/Sourcery_CodeBench_Lite_for_ARM_EABI/bin/../lib/gcc/arm-none-eabi/4.8.3/../../../../arm-none-eabi/lib/libc.a(lib_a-memchr-stub.o)
 .ARM.attributes
                0x0000025d       0x30 /home/roquealex/MentorGraphics/Sourcery_CodeBench_Lite_for_ARM_EABI/bin/../lib/gcc/arm-none-eabi/4.8.3/../../../../arm-none-eabi/lib/libc.a(lib_a-memcpy-stub.o)
 .ARM.attributes
                0x0000028d       0x30 /home/roquealex/MentorGraphics/Sourcery_CodeBench_Lite_for_ARM_EABI/bin/../lib/gcc/arm-none-eabi/4.8.3/../../../../arm-none-eabi/lib/libc.a(lib_a-memmove.o)
 .ARM.attributes
                0x000002bd       0x30 /home/roquealex/MentorGraphics/Sourcery_CodeBench_Lite_for_ARM_EABI/bin/../lib/gcc/arm-none-eabi/4.8.3/../../../../arm-none-eabi/lib/libc.a(lib_a-memset.o)
 .ARM.attributes
                0x000002ed       0x30 /home/roquealex/MentorGraphics/Sourcery_CodeBench_Lite_for_ARM_EABI/bin/../lib/gcc/arm-none-eabi/4.8.3/../../../../arm-none-eabi/lib/libc.a(lib_a-mlock.o)
 .ARM.attributes
                0x0000031d       0x30 /home/roquealex/MentorGraphics/Sourcery_CodeBench_Lite_for_ARM_EABI/bin/../lib/gcc/arm-none-eabi/4.8.3/../../../../arm-none-eabi/lib/libc.a(lib_a-reallocr.o)
 .ARM.attributes
                0x0000034d       0x30 /home/roquealex/MentorGraphics/Sourcery_CodeBench_Lite_for_ARM_EABI/bin/../lib/gcc/arm-none-eabi/4.8.3/../../../../arm-none-eabi/lib/libc.a(lib_a-refill.o)
 .ARM.attributes
                0x0000037d       0x30 /home/roquealex/MentorGraphics/Sourcery_CodeBench_Lite_for_ARM_EABI/bin/../lib/gcc/arm-none-eabi/4.8.3/../../../../arm-none-eabi/lib/libc.a(lib_a-sbrkr.o)
 .ARM.attributes
                0x000003ad       0x30 /home/roquealex/MentorGraphics/Sourcery_CodeBench_Lite_for_ARM_EABI/bin/../lib/gcc/arm-none-eabi/4.8.3/../../../../arm-none-eabi/lib/libc.a(lib_a-stdio.o)
 .ARM.attributes
                0x000003dd       0x30 /home/roquealex/MentorGraphics/Sourcery_CodeBench_Lite_for_ARM_EABI/bin/../lib/gcc/arm-none-eabi/4.8.3/../../../../arm-none-eabi/lib/libc.a(lib_a-writer.o)
 .ARM.attributes
                0x0000040d       0x30 /home/roquealex/MentorGraphics/Sourcery_CodeBench_Lite_for_ARM_EABI/bin/../lib/gcc/arm-none-eabi/4.8.3/../../../../arm-none-eabi/lib/libc.a(lib_a-wsetup.o)
 .ARM.attributes
                0x0000043d       0x30 /home/roquealex/MentorGraphics/Sourcery_CodeBench_Lite_for_ARM_EABI/bin/../lib/gcc/arm-none-eabi/4.8.3/../../../../arm-none-eabi/lib/libc.a(lib_a-closer.o)
 .ARM.attributes
                0x0000046d       0x30 /home/roquealex/MentorGraphics/Sourcery_CodeBench_Lite_for_ARM_EABI/bin/../lib/gcc/arm-none-eabi/4.8.3/../../../../arm-none-eabi/lib/libc.a(lib_a-fclose.o)
 .ARM.attributes
                0x0000049d       0x30 /home/roquealex/MentorGraphics/Sourcery_CodeBench_Lite_for_ARM_EABI/bin/../lib/gcc/arm-none-eabi/4.8.3/../../../../arm-none-eabi/lib/libc.a(lib_a-fflush.o)
 .ARM.attributes
                0x000004cd       0x30 /home/roquealex/MentorGraphics/Sourcery_CodeBench_Lite_for_ARM_EABI/bin/../lib/gcc/arm-none-eabi/4.8.3/../../../../arm-none-eabi/lib/libc.a(lib_a-freer.o)
 .ARM.attributes
                0x000004fd       0x30 /home/roquealex/MentorGraphics/Sourcery_CodeBench_Lite_for_ARM_EABI/bin/../lib/gcc/arm-none-eabi/4.8.3/../../../../arm-none-eabi/lib/libc.a(lib_a-lseekr.o)
 .ARM.attributes
                0x0000052d       0x30 /home/roquealex/MentorGraphics/Sourcery_CodeBench_Lite_for_ARM_EABI/bin/../lib/gcc/arm-none-eabi/4.8.3/../../../../arm-none-eabi/lib/libc.a(lib_a-makebuf.o)
 .ARM.attributes
                0x0000055d       0x30 /home/roquealex/MentorGraphics/Sourcery_CodeBench_Lite_for_ARM_EABI/bin/../lib/gcc/arm-none-eabi/4.8.3/../../../../arm-none-eabi/lib/libc.a(lib_a-readr.o)
 .ARM.attributes
                0x0000058d       0x30 /home/roquealex/MentorGraphics/Sourcery_CodeBench_Lite_for_ARM_EABI/bin/../lib/gcc/arm-none-eabi/4.8.3/../../../../arm-none-eabi/lib/libc.a(lib_a-reent.o)
 .ARM.attributes
                0x000005bd       0x30 /home/roquealex/MentorGraphics/Sourcery_CodeBench_Lite_for_ARM_EABI/bin/../lib/gcc/arm-none-eabi/4.8.3/../../../../arm-none-eabi/lib/libc.a(lib_a-fstatr.o)
 .ARM.attributes
                0x000005ed       0x30 /home/roquealex/MentorGraphics/Sourcery_CodeBench_Lite_for_ARM_EABI/bin/../lib/gcc/arm-none-eabi/4.8.3/../../../../arm-none-eabi/lib/libc.a(lib_a-isattyr.o)
 *(.gnu.attributes)

.note.gnu.arm.ident
 *(.note.gnu.arm.ident)

/DISCARD/
 *(.note.GNU-stack)
 *(.gnu_debuglink)
 *(.gnu.lto_*)
OUTPUT(hello-world.elf elf32-littlearm)
